L251 LINKER/LOCATER V4.66.93.0                                                          12/29/2024  11:00:19  PAGE 1


L251 LINKER/LOCATER V4.66.93.0, INVOKED BY:
C:\SOFTWARE\KEILV5\KEIL\CORE\C251\BIN\L251.EXE .\Objects\main.obj, .\Objects\myDelay.obj, .\Objects\myLed.obj, .\COMM\us
>> b_hid_32.LIB TO .\Objects\led PRINT (.\Listings\led.map) CASE DISABLEWARNING (57) CLASSES (EDATA (0X0-0X7FF), HDATA (
>> 0X0-0X7FF))


CPU MODE:     251 SOURCE MODE
INTR FRAME:   4 BYTES SAVED ON INTERRUPT
MEMORY MODEL: XSMALL WITH FLOATING POINT ARITHMETIC


INPUT MODULES INCLUDED:
  .\Objects\main.obj (main)
         COMMENT TYPE 0: C251 V5.60.0
  .\Objects\myDelay.obj (myDelay)
         COMMENT TYPE 0: C251 V5.60.0
  .\Objects\myLed.obj (myLed)
         COMMENT TYPE 0: C251 V5.60.0
  .\COMM\usb_hid_32.LIB (usb)
         COMMENT TYPE 0: C251 V5.60.0
  .\COMM\usb_hid_32.LIB (usb_req_class)
         COMMENT TYPE 0: C251 V5.60.0
  .\COMM\usb_hid_32.LIB (usb_req_std)
         COMMENT TYPE 0: C251 V5.60.0
  .\COMM\usb_hid_32.LIB (usb_req_vendor)
         COMMENT TYPE 0: C251 V5.60.0
  .\COMM\usb_hid_32.LIB (util)
         COMMENT TYPE 0: C251 V5.60.0
  .\COMM\usb_hid_32.LIB (usb_desc)
         COMMENT TYPE 0: C251 V5.60.0
  C:\SOFTWARE\KEILV5\KEIL\CORE\C251\LIB\C2SFPXS.LIB (VSPRINTF)
         COMMENT TYPE 0: A251 V4.69.6.0
  C:\SOFTWARE\KEILV5\KEIL\CORE\C251\LIB\C2SFPXS.LIB (?C?PRNFMT)
         COMMENT TYPE 0: A251 V4.69.6.0
  C:\SOFTWARE\KEILV5\KEIL\CORE\C251\LIB\C2SFPXS.LIB (?C?FPCONVERT)
         COMMENT TYPE 0: A251 V4.69.6.0
  C:\SOFTWARE\KEILV5\KEIL\CORE\C251\LIB\C2SFPXS.LIB (?C?FPMUL)
         COMMENT TYPE 0: A251 V4.69.6.0
  C:\SOFTWARE\KEILV5\KEIL\CORE\C251\LIB\C2SFPXS.LIB (?C?FPDIV)
         COMMENT TYPE 0: A251 V4.69.6.0
  C:\SOFTWARE\KEILV5\KEIL\CORE\C251\LIB\C2SFPXS.LIB (?C?FTNPWR)
         COMMENT TYPE 0: A251 V4.69.6.0
  C:\SOFTWARE\KEILV5\KEIL\CORE\C251\LIB\C2SFPXS.LIB (?C?FPGETOPN)
         COMMENT TYPE 0: A251 V4.69.6.0
  C:\SOFTWARE\KEILV5\KEIL\CORE\C251\LIB\C2SXS.LIB (?C_START)
         COMMENT TYPE 0: A251 V4.69.6.0
  C:\SOFTWARE\KEILV5\KEIL\CORE\C251\LIB\C2SXS.LIB (?C?INITEDATA)
         COMMENT TYPE 0: A251 V4.69.6.0
  C:\SOFTWARE\KEILV5\KEIL\CORE\C251\LIB\C2SXS.LIB (?C?LMUL)
         COMMENT TYPE 0: A251 V4.69.6.0
  C:\SOFTWARE\KEILV5\KEIL\CORE\C251\LIB\C2SXS.LIB (STRCMP?_)
         COMMENT TYPE 0: A251 V4.69.6.0
  C:\SOFTWARE\KEILV5\KEIL\CORE\C251\LIB\C2SXS.LIB (STRLEN)
         COMMENT TYPE 0: C251 V5.58.7
  C:\SOFTWARE\KEILV5\KEIL\CORE\C251\LIB\C2SXS.LIB (memcpy)
         COMMENT TYPE 0: C251 V5.58.7
  C:\SOFTWARE\KEILV5\KEIL\CORE\C251\LIB\C2SXS.LIB (?C?INITEDATA_END)
         COMMENT TYPE 0: A251 V4.69.6.0


ACTIVE MEMORY CLASSES OF MODULE:  .\Objects\led (main)

BASE        START       END         USED      MEMORY CLASS
==========================================================
000000H     000000H     0007FFH     000196H   EDATA
000000H     000000H     0007FFH               HDATA
L251 LINKER/LOCATER V4.66.93.0                                                        12/29/2024  11:00:19  PAGE 2


000000H     FF0000H     FFFFFFH     000023H   HCONST
FF0000H     FF0000H     FFFFFFH     001B52H   CODE
000020H.0   000020H.0   00002FH.7   000000H.3 BIT
010000H     010000H     01FFFFH     0000C0H   XDATA
FF0000H     FF0000H     FFFFFFH     000004H   CONST
000000H     000000H     00007FH     000008H   DATA


MEMORY MAP OF MODULE:  .\Objects\led (main)


START     STOP      LENGTH    ALIGN  RELOC    MEMORY CLASS   SEGMENT NAME
=========================================================================
000000H   000007H   000008H   ---    AT..     DATA           "REG BANK 0"
000008H   000019H   000012H   BYTE   UNIT     EDATA          ?ED?USB
00001AH   00001EH   000005H   BYTE   UNIT     EDATA          ?ED?LCD12864_SETBUFFER?UTIL
00001FH   00001FH   000001H   BYTE   UNIT     EDATA          ?ED?USB_REQ_CLASS
000020H.0 000020H.2 000000H.3 BIT    UNIT     BIT            ?BI?USB
000020H.3 000020H   000000H.5 ---    ---      **GAP**
000021H   00004CH   00002CH   BYTE   UNIT     EDATA          ?ED?SEG7_SHOWSTRING?UTIL
00004DH   000078H   00002CH   BYTE   UNIT     EDATA          ?ED?PRINTF_HID?UTIL
000079H   000084H   00000CH   BYTE   UNIT     EDATA          ?ED?MAIN
000085H   00008BH   000007H   BYTE   UNIT     EDATA          ?ED?USB_SENDDATA?USB
00008CH   000090H   000005H   BYTE   UNIT     EDATA          ?ED?OLED12864_SETBUFFER?UTIL
000091H   000094H   000004H   BYTE   UNIT     EDATA          ?ED?SEG7_SHOWLONG?UTIL
000095H   000098H   000004H   BYTE   UNIT     EDATA          ?ED?VSPRINTF
000099H   00009CH   000004H   BYTE   UNIT     EDATA          _EDATA_GROUP_
00009DH   00009EH   000002H   BYTE   UNIT     EDATA          ?ED?LCD12864_SHOWSTRING?UTIL
00009FH   00019EH   000100H   BYTE   UNIT     EDATA          ?STACK
00019FH   00FFFFH   00FE61H   ---    ---      **GAP**
010000H   0100BFH   0000C0H   BYTE   INSEG    XDATA          ?XD?USB
0100C0H   FEFFFFH   FDFF40H   ---    ---      **GAP**
FF0000H   FF0002H   000003H   ---    OFFS..   CODE           ?CO?start251?4
FF0003H   FF00ABH   0000A9H   BYTE   INSEG    CODE           ?PR?LED_LOOP?MYLED
FF00ACH   FF00CAH   00001FH   BYTE   INSEG    CODE           ?PR?OLED12864_SETADDRESSMODE?UTIL
FF00CBH   FF00CDH   000003H   ---    OFFS..   CODE           ?PR?IV?25
FF00CEH   FF0818H   00074BH   BYTE   UNIT     CODE           ?C?LIB_CODE
FF0819H   FF0917H   0000FFH   BYTE   INSEG    CODE           ?PR?USB_GET_STATUS?USB_REQ_STD
FF0918H   FF09F3H   0000DCH   BYTE   INSEG    CODE           ?PR?USB_GET_DESCRIPTOR?USB_REQ_STD
FF09F4H   FF0A8EH   00009BH   BYTE   INSEG    CODE           ?PR?USB_CLEAR_FEATURE?USB_REQ_STD
FF0A8FH   FF0B23H   000095H   BYTE   INSEG    CODE           ?PR?USB_SET_FEATURE?USB_REQ_STD
FF0B24H   FF0BB2H   00008FH   BYTE   INSEG    CODE           ?PR?OLED12864_SETBUFFER?UTIL
FF0BB3H   FF0C41H   00008FH   BYTE   INSEG    CODE           ?PR?LCD12864_SETBUFFER?UTIL
FF0C42H   FF0CCEH   00008DH   BYTE   INSEG    CODE           ?PR?USB_SET_CONFIGURATION?USB_REQ_STD
FF0CCFH   FF0D58H   00008AH   BYTE   INSEG    CODE           ?PR?USB_SETUP?USB
FF0D59H   FF0DE0H   000088H   BYTE   INSEG    CODE           ?PR?USB_SENDDATA?USB
FF0DE1H   FF0E60H   000080H   BYTE   UNIT     CODE           ?CO?USB_DESC
FF0E61H   FF0EDCH   00007CH   BYTE   INSEG    CODE           ?PR?USB_OUT_EP1?USB
FF0EDDH   FF0F52H   000076H   BYTE   INSEG    CODE           ?PR?USB_ISR?USB
FF0F53H   FF0FBEH   00006CH   BYTE   INSEG    CODE           ?PR?USB_INIT?USB
FF0FBFH   FF1025H   000067H   BYTE   INSEG    CODE           ?PR?USB_CTRL_IN?USB
FF1026H   FF1081H   00005CH   BYTE   INSEG    CODE           ?PR?USB_REQ_STD?USB_REQ_STD
FF1082H   FF10D7H   000056H   BYTE   INSEG    CODE           ?PR?USB_CTRL_OUT?USB
FF10D8H   FF112BH   000054H   BYTE   INSEG    CODE           ?PR?INIT?MAIN
FF112CH   FF117FH   000054H   BYTE   INSEG    CODE           ?PR?USB_GET_CONFIGURATION?USB_REQ_STD
FF1180H   FF11CCH   00004DH   BYTE   INSEG    CODE           ?PR?LCD12864_SHOWPICTURE?UTIL
FF11CDH   FF1216H   00004AH   BYTE   INSEG    CODE           ?PR?USB_SET_ADDRESS?USB_REQ_STD
FF1217H   FF125BH   000045H   BYTE   INSEG    CODE           ?PR?SEG7_SHOWSTRING?UTIL
FF125CH   FF126EH   000013H   BYTE   UNIT     CODE           ?C_C51STARTUP
FF126FH   FF1297H   000029H   BYTE   UNIT     CODE           ?C_C51STARTUP?2
FF1298H   FF129AH   000003H   BYTE   UNIT     CODE           ?C_C51STARTUP?3
FF129BH   FF12D8H   00003EH   BYTE   INSEG    CODE           ?PR?USB_GET_INTERFACE?USB_REQ_STD
FF12D9H   FF1316H   00003EH   BYTE   INSEG    CODE           ?PR?OLED12864_SHOWPICTURE?UTIL
FF1317H   FF1354H   00003EH   BYTE   INSEG    CODE           ?PR?LED40_SENDDATA?UTIL
FF1355H   FF1392H   00003EH   BYTE   INSEG    CODE           ?PR?LED64_SENDDATA?UTIL
L251 LINKER/LOCATER V4.66.93.0                                                        12/29/2024  11:00:19  PAGE 3


FF1393H   FF13CDH   00003BH   BYTE   INSEG    CODE           ?PR?SEG7_SHOWLONG?UTIL
FF13CEH   FF1408H   00003BH   BYTE   INSEG    CODE           ?PR?LCD12864_SHOWSTRING?UTIL
FF1409H   FF1442H   00003AH   BYTE   INSEG    CODE           ?PR?USB_READ_FIFO?_?USB
FF1443H   FF147BH   000039H   BYTE   INSEG    CODE           ?PR?USB_IN?USB
FF147CH   FF14B3H   000038H   BYTE   INSEG    CODE           ?PR?USB_RESET?USB
FF14B4H   FF14EBH   000038H   BYTE   INSEG    CODE           ?PR?OLED12864_SCROLLRIGHT?UTIL
FF14ECH   FF1523H   000038H   BYTE   INSEG    CODE           ?PR?OLED12864_SCROLLUP?UTIL
FF1524H   FF155AH   000037H   BYTE   INSEG    CODE           ?PR?OLED12864_SCROLLLEFT?UTIL
FF155BH   FF158FH   000035H   BYTE   INSEG    CODE           ?PR?REVERSE2?UTIL
FF1590H   FF15C2H   000033H   BYTE   INSEG    CODE           ?PR?SEG7_SHOWCODE?UTIL
FF15C3H   FF15F3H   000031H   BYTE   INSEG    CODE           ?PR?SEG7_SHOWFLOAT?UTIL
FF15F4H   FF1622H   00002FH   BYTE   INSEG    CODE           ?PR?PRINTF_HID?UTIL
FF1623H   FF1650H   00002EH   BYTE   INSEG    CODE           ?PR?USB_REQ_CLASS?USB_REQ_CLASS
FF1651H   FF167DH   00002DH   BYTE   INSEG    CODE           ?PR?USB_IN_EP1?USB
FF167EH   FF16A7H   00002AH   BYTE   INSEG    CODE           ?PR?USB_GET_REPORT?USB_REQ_CLASS
FF16A8H   FF16D1H   00002AH   BYTE   INSEG    CODE           ?PR?USB_SET_REPORT?USB_REQ_CLASS
FF16D2H   FF16FAH   000029H   BYTE   INSEG    CODE           ?PR?USB_WRITE_FIFO?_?USB
FF16FBH   FF1722H   000028H   BYTE   INSEG    CODE           ?PR?USB_SET_INTERFACE?USB_REQ_STD
FF1723H   FF1748H   000026H   BYTE   INSEG    CODE           ?PR?USB_GET_IDLE?USB_REQ_CLASS
FF1749H   FF176DH   000025H   BYTE   INSEG    CODE           ?PR?LCD12864_SCROLLUP?UTIL
FF176EH   FF1792H   000025H   BYTE   INSEG    CODE           ?PR?MEMCPY?_?MEMCPY
FF1793H   FF17B1H   00001FH   BYTE   INSEG    CODE           ?PR?OLED12864_SETCONTRAST?UTIL
FF17B2H   FF17D0H   00001FH   BYTE   INSEG    CODE           ?PR?LCD12864_REVERSELINE?UTIL
FF17D1H   FF17EEH   00001EH   BYTE   INSEG    CODE           ?PR?USB_SET_IDLE?USB_REQ_CLASS
FF17EFH   FF180BH   00001DH   BYTE   INSEG    CODE           ?PR?SLEEP_US?UTIL
FF180CH   FF1825H   00001AH   BYTE   UNIT     CODE           ?PR?STRCMP?_
FF1826H   FF183EH   000019H   BYTE   INSEG    CODE           ?PR?USB_BULK_INTR_OUT?USB
FF183FH   FF1857H   000019H   BYTE   INSEG    CODE           ?PR?OLED12864_SETHEADER?UTIL
FF1858H   FF1870H   000019H   BYTE   INSEG    CODE           ?PR?LCD12864_SETHEADER?UTIL
FF1871H   FF1889H   000019H   BYTE   INSEG    CODE           ?PR?SEG7_SETHEADER?UTIL
FF188AH   FF18A1H   000018H   BYTE   INSEG    CODE           ?PR?USB_OUT_DONE?USB
FF18A2H   FF18B9H   000018H   BYTE   INSEG    CODE           ?PR?OLED12864_SCROLLSTART?UTIL
FF18BAH   FF18D1H   000018H   BYTE   INSEG    CODE           ?PR?OLED12864_DISPLAYON?UTIL
FF18D2H   FF18E9H   000018H   BYTE   INSEG    CODE           ?PR?LCD12864_SCROLLRIGHT?UTIL
FF18EAH   FF1901H   000018H   BYTE   INSEG    CODE           ?PR?LCD12864_AUTOWRAPON?UTIL
FF1902H   FF1919H   000018H   BYTE   INSEG    CODE           ?PR?OLED12864_VERTICALMIRROR?UTIL
FF191AH   FF1931H   000018H   BYTE   INSEG    CODE           ?PR?LCD12864_CURSORRETURNHOME?UTIL
FF1932H   FF1949H   000018H   BYTE   INSEG    CODE           ?PR?OLED12864_DISPLAYENTIRE?UTIL
FF194AH   FF1961H   000018H   BYTE   INSEG    CODE           ?PR?LCD12864_DISPLAYON?UTIL
FF1962H   FF1979H   000018H   BYTE   INSEG    CODE           ?PR?LCD12864_CURSORMOVERIGHT?UTIL
FF197AH   FF1991H   000018H   BYTE   INSEG    CODE           ?PR?SLEEP_MS?UTIL
FF1992H   FF19A9H   000018H   BYTE   INSEG    CODE           ?PR?LCD12864_CURSORON?UTIL
FF19AAH   FF19C0H   000017H   BYTE   INSEG    CODE           ?PR?DELAY_MS?MYDELAY
FF19C1H   FF19D7H   000017H   BYTE   INSEG    CODE           ?PR?OLED12864_DISPLAYOFF?UTIL
FF19D8H   FF19EEH   000017H   BYTE   INSEG    CODE           ?PR?LCD12864_AUTOWRAPOFF?UTIL
FF19EFH   FF1A05H   000017H   BYTE   INSEG    CODE           ?PR?OLED12864_SCROLLSTOP?UTIL
FF1A06H   FF1A1CH   000017H   BYTE   INSEG    CODE           ?PR?LCD12864_DISPLAYOFF?UTIL
FF1A1DH   FF1A33H   000017H   BYTE   INSEG    CODE           ?PR?LCD12864_SCROLLLEFT?UTIL
FF1A34H   FF1A4AH   000017H   BYTE   INSEG    CODE           ?PR?OLED12864_HORIZONTALMIRROR?UTIL
FF1A4BH   FF1A61H   000017H   BYTE   INSEG    CODE           ?PR?OLED12864_DISPLAYCONTENT?UTIL
FF1A62H   FF1A78H   000017H   BYTE   INSEG    CODE           ?PR?LCD12864_CURSOROFF?UTIL
FF1A79H   FF1A8FH   000017H   BYTE   INSEG    CODE           ?PR?LCD12864_CURSORMOVELEFT?UTIL
FF1A90H   FF1AA4H   000015H   BYTE   INSEG    CODE           ?PR?USB_BULK_INTR_IN?USB
FF1AA5H   FF1AB9H   000015H   BYTE   INSEG    CODE           ?PR?USB_READ_REG?USB
FF1ABAH   FF1ACCH   000013H   BYTE   INSEG    CODE           ?PR?USB_WRITE_REG?USB
FF1ACDH   FF1ADEH   000012H   BYTE   INSEG    CODE           ?PR?LCD12864_DISPLAYCLEAR?UTIL
FF1ADFH   FF1AF0H   000012H   BYTE   INSEG    CODE           ?PR?OLED12864_DISPLAYREVERSE?UTIL
FF1AF1H   FF1B01H   000011H   BYTE   INSEG    CODE           ?PR?USB_SETUP_IN?USB
FF1B02H   FF1B0FH   00000EH   BYTE   INSEG    CODE           ?PR?USB_SETUP_OUT?USB
FF1B10H   FF1B1DH   00000EH   BYTE   INSEG    CODE           ?PR?USB_SETUP_STALL?USB
FF1B1EH   FF1B2BH   00000EH   BYTE   INSEG    CODE           ?PR?STRLEN?_?STRLEN
FF1B2CH   FF1B38H   00000DH   BYTE   INSEG    CODE           ?PR?USB_SETUP_STATUS?USB
FF1B39H   FF1B40H   000008H   BYTE   INSEG    CODE           ?PR?MAIN?MAIN
FF1B41H   FF1B43H   000003H   BYTE   INSEG    CODE           ?PR?USB_GET_PROTOCOL?USB_REQ_CLASS
FF1B44H   FF1B46H   000003H   BYTE   INSEG    CODE           ?PR?USB_SET_PROTOCOL?USB_REQ_CLASS
L251 LINKER/LOCATER V4.66.93.0                                                        12/29/2024  11:00:19  PAGE 4


FF1B47H   FF1B49H   000003H   BYTE   INSEG    CODE           ?PR?USB_SET_DESCRIPTOR?USB_REQ_STD
FF1B4AH   FF1B4CH   000003H   BYTE   INSEG    CODE           ?PR?USB_SYNCH_FRAME?USB_REQ_STD
FF1B4DH   FF1B4FH   000003H   BYTE   INSEG    CODE           ?PR?USB_REQ_VENDOR?USB_REQ_VENDOR
FF1B50H   FF1B50H   000001H   BYTE   INSEG    CODE           ?PR?USB_SUSPEND?USB
FF1B51H   FF1B51H   000001H   BYTE   INSEG    CODE           ?PR?USB_RESUME?USB
FF1B52H   FF1B55H   000004H   BYTE   UNIT     CONST          ?CO?PRINTF
FF1B56H   FF1B6FH   00001AH   BYTE   UNIT     HCONST         ?C_INITEDATA
FF1B70H   FF1B78H   000009H   BYTE   UNIT     HCONST         ?HC?MAIN



OVERLAY MAP OF MODULE:   .\Objects\led (main)


FUNCTION/MODULE                        EDATA_GROUP
--> CALLED FUNCTION/MODULE             START  STOP
==================================================
usb_isr/usb                            ----- -----
  +--> usb_read_reg/usb
  +--> usb_resume/usb
  +--> usb_reset/usb
  +--> usb_setup/usb
  +--> usb_in_ep1/usb
  +--> usb_out_ep1/usb
  +--> usb_suspend/usb

usb_read_reg/usb                       ----- -----

usb_resume/usb                         ----- -----

usb_reset/usb                          ----- -----
  +--> usb_write_reg/usb

usb_write_reg/usb                      ----- -----

usb_setup/usb                          ----- -----
  +--> usb_write_reg/usb
  +--> usb_read_reg/usb
  +--> usb_read_fifo?_/usb
  +--> reverse2/util
  +--> usb_req_std/usb_req_std
  +--> usb_req_class/usb_req_class
  +--> usb_req_vendor/usb_req_vendor
  +--> usb_setup_stall/usb
  +--> usb_ctrl_in/usb
  +--> usb_ctrl_out/usb

usb_read_fifo?_/usb                    ----- -----
  +--> usb_read_reg/usb

reverse2/util                          0099H 009CH

usb_req_std/usb_req_std                ----- -----
  +--> usb_get_status/usb_req_std
  +--> usb_clear_feature/usb_req_std
  +--> usb_set_feature/usb_req_std
  +--> usb_set_address/usb_req_std
  +--> usb_get_descriptor/usb_req_std
  +--> usb_set_descriptor/usb_req_std
  +--> usb_get_configuration/usb_req_std
  +--> usb_set_configuration/usb_req_std
  +--> usb_get_interface/usb_req_std
  +--> usb_set_interface/usb_req_std
  +--> usb_synch_frame/usb_req_std
  +--> usb_setup_stall/usb
L251 LINKER/LOCATER V4.66.93.0                                                        12/29/2024  11:00:19  PAGE 5



usb_get_status/usb_req_std             ----- -----
  +--> usb_setup_stall/usb
  +--> usb_setup_in/usb

usb_setup_stall/usb                    ----- -----
  +--> usb_write_reg/usb

usb_setup_in/usb                       ----- -----
  +--> usb_write_reg/usb
  +--> usb_ctrl_in/usb

usb_ctrl_in/usb                        ----- -----
  +--> usb_write_reg/usb
  +--> usb_read_reg/usb
  +--> usb_write_fifo?_/usb

usb_write_fifo?_/usb                   ----- -----
  +--> usb_write_reg/usb

usb_clear_feature/usb_req_std          ----- -----
  +--> usb_write_reg/usb
  +--> usb_setup_stall/usb
  +--> usb_setup_status/usb

usb_setup_status/usb                   ----- -----
  +--> usb_write_reg/usb

usb_set_feature/usb_req_std            ----- -----
  +--> usb_write_reg/usb
  +--> usb_setup_stall/usb
  +--> usb_setup_status/usb

usb_set_address/usb_req_std            ----- -----
  +--> usb_setup_stall/usb
  +--> usb_write_reg/usb
  +--> usb_setup_status/usb

usb_get_descriptor/usb_req_std         ----- -----
  +--> usb_setup_stall/usb
  +--> usb_setup_in/usb

usb_set_descriptor/usb_req_std         ----- -----
  +--> usb_setup_stall/usb

usb_get_configuration/usb_req_std      ----- -----
  +--> usb_setup_stall/usb
  +--> usb_setup_in/usb

usb_set_configuration/usb_req_std      ----- -----
  +--> usb_setup_stall/usb
  +--> usb_write_reg/usb
  +--> usb_setup_status/usb

usb_get_interface/usb_req_std          ----- -----
  +--> usb_setup_stall/usb
  +--> usb_setup_in/usb

usb_set_interface/usb_req_std          ----- -----
  +--> usb_setup_stall/usb
  +--> usb_setup_status/usb

usb_synch_frame/usb_req_std            ----- -----
  +--> usb_setup_stall/usb

L251 LINKER/LOCATER V4.66.93.0                                                        12/29/2024  11:00:19  PAGE 6


usb_req_class/usb_req_class            ----- -----
  +--> usb_get_report/usb_req_class
  +--> usb_set_report/usb_req_class
  +--> usb_get_idle/usb_req_class
  +--> usb_set_idle/usb_req_class
  +--> usb_get_protocol/usb_req_class
  +--> usb_set_protocol/usb_req_class
  +--> usb_setup_stall/usb

usb_get_report/usb_req_class           ----- -----
  +--> usb_setup_stall/usb
  +--> usb_setup_in/usb

usb_set_report/usb_req_class           ----- -----
  +--> usb_setup_stall/usb
  +--> usb_setup_out/usb

usb_setup_out/usb                      ----- -----
  +--> usb_write_reg/usb

usb_get_idle/usb_req_class             ----- -----
  +--> usb_setup_stall/usb
  +--> usb_setup_in/usb

usb_set_idle/usb_req_class             ----- -----
  +--> usb_setup_stall/usb
  +--> usb_setup_status/usb

usb_get_protocol/usb_req_class         ----- -----
  +--> usb_setup_stall/usb

usb_set_protocol/usb_req_class         ----- -----
  +--> usb_setup_stall/usb

usb_req_vendor/usb_req_vendor          ----- -----
  +--> usb_setup_stall/usb

usb_ctrl_out/usb                       ----- -----
  +--> usb_write_reg/usb
  +--> usb_read_reg/usb
  +--> usb_read_fifo?_/usb

usb_in_ep1/usb                         ----- -----
  +--> usb_write_reg/usb
  +--> usb_read_reg/usb

usb_out_ep1/usb                        ----- -----
  +--> usb_write_reg/usb
  +--> usb_read_reg/usb
  +--> usb_bulk_intr_out/usb
  +--> usb_read_fifo?_/usb
  +--> STRCMP?_/STRCMP?_
  +--> sleep_ms/util

usb_bulk_intr_out/usb                  ----- -----
  +--> usb_read_fifo?_/usb
  +--> usb_write_reg/usb

STRCMP?_/STRCMP?_                      ----- -----

sleep_ms/util                          ----- -----
  +--> sleep_us/util

sleep_us/util                          ----- -----

L251 LINKER/LOCATER V4.66.93.0                                                        12/29/2024  11:00:19  PAGE 7


usb_suspend/usb                        ----- -----

*** NEW ROOT *************************

?C_C51STARTUP                          ----- -----

*** NEW ROOT *************************

?C_C51STARTUP?3                        ----- -----
  +--> main/main

main/main                              ----- -----
  +--> init/main
  +--> led_loop/myLed

init/main                              ----- -----
  +--> usb_init/usb

usb_init/usb                           ----- -----
  +--> usb_write_reg/usb

led_loop/myLed                         ----- -----
  +--> delay_ms/myDelay

delay_ms/myDelay                       ----- -----

*** NEW ROOT *************************

?C_C51STARTUP?2                        ----- -----



PUBLIC SYMBOLS OF MODULE:  .\Objects\led (main)


      VALUE       CLASS    TYPE      PUBLIC SYMBOL NAME
      =================================================
      000000FFH   NUMBER   ---       ?C?CODESEG
      00FF0534H   CODE     ---       ?C?FPCONVERT
      00FF06CFH   CODE     ---       ?C?FPDIV
      00FF07B7H   CODE     ---       ?C?FPGETOPN2
      00FF062FH   CODE     ---       ?C?FPMUL
      00FF07F4H   CODE     ---       ?C?FPNANRESULT
      00FF07FCH   CODE     ---       ?C?FPOVERFLOW
      00FF07D0H   CODE     ---       ?C?FPRESULT
      00FF07E6H   CODE     ---       ?C?FPRESULT2
      00FF05ECH   CODE     ---       ?C?FPROUND
      00FF07F9H   CODE     ---       ?C?FPUNDERFLOW
      00FF0780H   CODE     ---       ?C?FTNPWR
      00FF126FH   CODE     ---       ?C?INITEDATA
      00FF1B6EH   HCONST   WORD      ?C?INITEDATA_END
      00FF0808H   CODE     ---       ?C?LMUL
      00FF0117H   CODE     ---       ?C?PRNFMT
      00FF0000H   CODE     ---       ?C?STARTUP
      00000001H   NUMBER   ---       ?C?XDATASEG
      00FF0000H   CODE     ---       ?C_STARTUP
      00000075H   EDATA    BYTE      ?printf_hid?BYTE
      00000049H   EDATA    BYTE      ?SEG7_ShowString?BYTE
      0000008DH   EDATA    ---       ?vsprintf?BYTE
*SFR* 000000BCH   DATA     BYTE      ADC_CONTR
*SFR* 000000DEH   DATA     BYTE      ADCCFG
*SFR* 000000EFH   DATA     BYTE      AUXINTIF
*SFR* 0000008EH   DATA     BYTE      AUXR
*SFR* 00000097H   DATA     BYTE      AUXR2
      0000001FH   EDATA    BYTE      bHidIdle
L251 LINKER/LOCATER V4.66.93.0                                                        12/29/2024  11:00:19  PAGE 8


      00000020H.1 BIT      BIT       bUsbFeatureReady
      00000020H.2 BIT      BIT       bUsbInBusy
      00000020H.0 BIT      BIT       bUsbOutReady
*SFR* 000000F1H   DATA     BYTE      CANICR
*SFR* 000000EAH   DATA     BYTE      CKCON
*SFR* 000000E6H   DATA     BYTE      CMPCR1
*SFR* 000000E7H   DATA     BYTE      CMPCR2
      00FF0E2CH   CODE     ---       CONFIGDESC
      00FF19AAH   CODE     ---       delay_ms
      00FF0DFFH   CODE     ---       DEVICEDESC
      00000010H   EDATA    BYTE      DeviceState
*SFR* 000000A8H.7 DATA     BIT       EA
*SFR* 000000BAH.7 DATA     BIT       EAXFR
      00000011H   EDATA    ---       Ep0State
*SFR* 000000AFH.7 DATA     BIT       EUSB
      00FF0E11H   CODE     ---       HIDREPORTDESC
*SFR* 000000C7H   DATA     BYTE      IAP_CONTR
*SFR* 000000A8H   DATA     BYTE      IE
*SFR* 000000AFH   DATA     BYTE      IE2
      00000018H   EDATA    BYTE      InEpState
      00FF10D8H   CODE     ---       init
*SFR* 0000008FH   DATA     BYTE      INTCLKO
*SFR* 000000B8H   DATA     BYTE      IP
*SFR* 000000B5H   DATA     BYTE      IP2
*SFR* 000000B6H   DATA     BYTE      IP2H
*SFR* 000000DFH   DATA     BYTE      IP3
*SFR* 000000EEH   DATA     BYTE      IP3H
*SFR* 000000B7H   DATA     BYTE      IPH
*SFR* 0000009DH   DATA     BYTE      IRCBAND
      00FF0DFBH   CODE     ---       LANGIDDESC
      00FF19D8H   CODE     ---       LCD12864_AutoWrapOff
      00FF18EAH   CODE     ---       LCD12864_AutoWrapOn
      00FF1A79H   CODE     ---       LCD12864_CursorMoveLeft
      00FF1962H   CODE     ---       LCD12864_CursorMoveRight
      00FF1A62H   CODE     ---       LCD12864_CursorOff
      00FF1992H   CODE     ---       LCD12864_CursorOn
      00FF191AH   CODE     ---       LCD12864_CursorReturnHome
      00FF1ACDH   CODE     ---       LCD12864_DisplayClear
      00FF1A06H   CODE     ---       LCD12864_DisplayOff
      00FF194AH   CODE     ---       LCD12864_DisplayOn
      00FF17B2H   CODE     ---       LCD12864_ReverseLine
      00FF1A1DH   CODE     ---       LCD12864_ScrollLeft
      00FF18D2H   CODE     ---       LCD12864_ScrollRight
      00FF1749H   CODE     ---       LCD12864_ScrollUp
      00FF1180H   CODE     ---       LCD12864_ShowPicture
      00FF13CEH   CODE     ---       LCD12864_ShowString
      00FF1317H   CODE     ---       LED40_SendData
      00FF1355H   CODE     ---       LED64_SendData
      00FF0003H   CODE     ---       led_loop
*SFR* 000000F9H   DATA     BYTE      LINICR
      00FF1B39H   CODE     ---       main
      00FF0E59H   CODE     ---       MANUFACTDESC
      00FF176EH   CODE     ---       memcpy?_
      00FF1A4BH   CODE     ---       OLED12864_DisplayContent
      00FF1932H   CODE     ---       OLED12864_DisplayEntire
      00FF19C1H   CODE     ---       OLED12864_DisplayOff
      00FF18BAH   CODE     ---       OLED12864_DisplayOn
      00FF1ADFH   CODE     ---       OLED12864_DisplayReverse
      00FF1A34H   CODE     ---       OLED12864_HorizontalMirror
      00FF1524H   CODE     ---       OLED12864_ScrollLeft
      00FF14B4H   CODE     ---       OLED12864_ScrollRight
      00FF18A2H   CODE     ---       OLED12864_ScrollStart
      00FF19EFH   CODE     ---       OLED12864_ScrollStop
      00FF14ECH   CODE     ---       OLED12864_ScrollUp
      00FF00ACH   CODE     ---       OLED12864_SetAddressMode
L251 LINKER/LOCATER V4.66.93.0                                                        12/29/2024  11:00:19  PAGE 9


      00FF1793H   CODE     ---       OLED12864_SetContrast
      00FF12D9H   CODE     ---       OLED12864_ShowPicture
      00FF1902H   CODE     ---       OLED12864_VerticalMirror
      00000019H   EDATA    BYTE      OutEpState
*SFR* 00000080H   DATA     BYTE      P0
*SFR* 00000094H   DATA     BYTE      P0M0
*SFR* 00000093H   DATA     BYTE      P0M1
*SFR* 00000090H   DATA     BYTE      P1
*SFR* 00000090H.0 DATA     BIT       P10
*SFR* 00000092H   DATA     BYTE      P1M0
*SFR* 00000091H   DATA     BYTE      P1M1
*SFR* 000000A0H   DATA     BYTE      P2
*SFR* 00000096H   DATA     BYTE      P2M0
*SFR* 00000095H   DATA     BYTE      P2M1
*SFR* 000000B0H   DATA     BYTE      P3
*SFR* 000000B2H   DATA     BYTE      P3M0
*SFR* 000000B1H   DATA     BYTE      P3M1
*SFR* 000000C0H   DATA     BYTE      P4
*SFR* 000000C0H.0 DATA     BIT       P40
*SFR* 000000B4H   DATA     BYTE      P4M0
*SFR* 000000B3H   DATA     BYTE      P4M1
*SFR* 000000C8H   DATA     BYTE      P5
*SFR* 000000CAH   DATA     BYTE      P5M0
*SFR* 000000C9H   DATA     BYTE      P5M1
*SFR* 000000E8H   DATA     BYTE      P6
*SFR* 000000CCH   DATA     BYTE      P6M0
*SFR* 000000CBH   DATA     BYTE      P6M1
*SFR* 000000F8H   DATA     BYTE      P7
*SFR* 000000E2H   DATA     BYTE      P7M0
*SFR* 000000E1H   DATA     BYTE      P7M1
*SFR* 000000A2H   DATA     BYTE      P_SW1
*SFR* 000000BAH   DATA     BYTE      P_SW2
*SFR* 000000BBH   DATA     BYTE      P_SW3
*SFR* 000000BFH   DATA     BYTE      P_SW4
      00FF0E55H   CODE     ---       PACKET0
      00FF0E57H   CODE     ---       PACKET1
*SFR* 00000087H   DATA     BYTE      PCON
      00FF15F4H   CODE     ---       printf_hid
      00FF0DE1H   CODE     ---       PRODUCTDESC
*SFR* 000000D0H   DATA     BYTE      PSW
*SFR* 000000D1H   DATA     BYTE      PSW1
      00FF155BH   CODE     ---       reverse2
*SFR* 000000FFH   DATA     BYTE      RSTCFG
*SFR* 0000009AH   DATA     BYTE      S2CON
*SFR* 000000ACH   DATA     BYTE      S3CON
*SFR* 000000FDH   DATA     BYTE      S4CON
*SFR* 00000098H   DATA     BYTE      SCON
      00FF1590H   CODE     ---       SEG7_ShowCode
      00FF15C3H   CODE     ---       SEG7_ShowFloat
      00FF1393H   CODE     ---       SEG7_ShowLong
      00FF1217H   CODE     ---       SEG7_ShowString
      00000008H   EDATA    ---       Setup
      00FF197AH   CODE     ---       sleep_ms
      00FF17EFH   CODE     ---       sleep_us
*SFR* 000000CEH   DATA     BYTE      SPCTL
*SFR* 000000CDH   DATA     BYTE      SPSTAT
      00FF1810H   CODE     NEAR LAB  strcmp?_
      00FF1B1EH   CODE     ---       strlen?_
*SFR* 000000DDH   DATA     BYTE      T4T3M
*SFR* 00000088H   DATA     BYTE      TCON
*SFR* 00000089H   DATA     BYTE      TMOD
      00FF1A90H   CODE     ---       usb_bulk_intr_in
      00FF1826H   CODE     ---       usb_bulk_intr_out
      00FF09F4H   CODE     ---       usb_clear_feature
      00FF0FBFH   CODE     ---       usb_ctrl_in
L251 LINKER/LOCATER V4.66.93.0                                                        12/29/2024  11:00:19  PAGE 10


      00FF1082H   CODE     ---       usb_ctrl_out
      00FF112CH   CODE     ---       usb_get_configuration
      00FF0918H   CODE     ---       usb_get_descriptor
      00FF1723H   CODE     ---       usb_get_idle
      00FF129BH   CODE     ---       usb_get_interface
      00FF1B41H   CODE     ---       usb_get_protocol
      00FF167EH   CODE     ---       usb_get_report
      00FF0819H   CODE     ---       usb_get_status
      00FF1443H   CODE     ---       usb_IN
      00FF1651H   CODE     ---       usb_in_ep1
      00FF0F53H   CODE     ---       usb_init
      00FF0EDDH   CODE     ---       usb_isr
      00FF188AH   CODE     ---       usb_OUT_done
      00FF0E61H   CODE     ---       usb_out_ep1
      00FF1409H   CODE     ---       usb_read_fifo?_
      00FF1AA5H   CODE     ---       usb_read_reg
      00FF1623H   CODE     ---       usb_req_class
      00FF1026H   CODE     ---       usb_req_std
      00FF1B4DH   CODE     ---       usb_req_vendor
      00FF147CH   CODE     ---       usb_reset
      00FF1B51H   CODE     ---       usb_resume
      00FF0D59H   CODE     ---       USB_SendData
      00FF11CDH   CODE     ---       usb_set_address
      00FF0C42H   CODE     ---       usb_set_configuration
      00FF1B47H   CODE     ---       usb_set_descriptor
      00FF0A8FH   CODE     ---       usb_set_feature
      00FF17D1H   CODE     ---       usb_set_idle
      00FF16FBH   CODE     ---       usb_set_interface
      00FF1B44H   CODE     ---       usb_set_protocol
      00FF16A8H   CODE     ---       usb_set_report
      00FF0CCFH   CODE     ---       usb_setup
      00FF1AF1H   CODE     ---       usb_setup_in
      00FF1B02H   CODE     ---       usb_setup_out
      00FF1B10H   CODE     ---       usb_setup_stall
      00FF1B2CH   CODE     ---       usb_setup_status
      00FF1B50H   CODE     ---       usb_suspend
      00FF1B4AH   CODE     ---       usb_synch_frame
      00FF16D2H   CODE     ---       usb_write_fifo?_
      00FF1ABAH   CODE     ---       usb_write_reg
*SFR* 000000FCH   DATA     BYTE      USBADR
*SFR* 000000DCH   DATA     BYTE      USBCLK
*SFR* 000000F4H   DATA     BYTE      USBCON
*SFR* 000000ECH   DATA     BYTE      USBDAT
      00010080H   XDATA    ---       UsbFeatureBuffer
      00010000H   XDATA    ---       UsbInBuffer
      00010040H   XDATA    ---       UsbOutBuffer
      00000081H   EDATA    ---       USER_DEVICEDESC
      0000007DH   EDATA    ---       USER_PRODUCTDESC
      00000079H   EDATA    ---       USER_STCISPCMD
      00FF00CEH   CODE     NEAR LAB  vsprintf
*SFR* 000000C1H   DATA     BYTE      WDT_CONTR
*SFR* 000000ABH   DATA     BYTE      WKTCH
*SFR* 000000E9H   DATA     BYTE      WTST



SYMBOL TABLE OF MODULE:  .\Objects\led (main)

      VALUE       REP       CLASS    TYPE      SYMBOL NAME
      ====================================================
      ---         MODULE    ---      ---       main
      00FF1B39H   PUBLIC    CODE     ---       main
      00FF10D8H   PUBLIC    CODE     ---       init
      00000079H   PUBLIC    EDATA    ---       USER_STCISPCMD
      0000007DH   PUBLIC    EDATA    ---       USER_PRODUCTDESC
L251 LINKER/LOCATER V4.66.93.0                                                        12/29/2024  11:00:19  PAGE 11


      00000081H   PUBLIC    EDATA    ---       USER_DEVICEDESC
      00000094H   SFRSYM    DATA     BYTE      P0M0
      000000D0H   SFRSYM    DATA     BYTE      PSW
      000000BAH.7 SFRSYM    DATA     BIT       EAXFR
      0000009DH   SFRSYM    DATA     BYTE      IRCBAND
      00000097H   SFRSYM    DATA     BYTE      AUXR2
      000000EAH   SFRSYM    DATA     BYTE      CKCON
      000000EFH   SFRSYM    DATA     BYTE      AUXINTIF
      000000FDH   SFRSYM    DATA     BYTE      S4CON
      000000ACH   SFRSYM    DATA     BYTE      S3CON
      0000009AH   SFRSYM    DATA     BYTE      S2CON
      000000B7H   SFRSYM    DATA     BYTE      IPH
      000000CDH   SFRSYM    DATA     BYTE      SPSTAT
      000000DDH   SFRSYM    DATA     BYTE      T4T3M
      000000C1H   SFRSYM    DATA     BYTE      WDT_CONTR
      000000E9H   SFRSYM    DATA     BYTE      WTST
      000000DFH   SFRSYM    DATA     BYTE      IP3
      000000F4H   SFRSYM    DATA     BYTE      USBCON
      000000B5H   SFRSYM    DATA     BYTE      IP2
      000000FFH   SFRSYM    DATA     BYTE      RSTCFG
      000000C7H   SFRSYM    DATA     BYTE      IAP_CONTR
      0000008EH   SFRSYM    DATA     BYTE      AUXR
      000000AFH   SFRSYM    DATA     BYTE      IE2
      00000088H   SFRSYM    DATA     BYTE      TCON
      00000089H   SFRSYM    DATA     BYTE      TMOD
      00000098H   SFRSYM    DATA     BYTE      SCON
      000000C0H.0 SFRSYM    DATA     BIT       P40
      00000087H   SFRSYM    DATA     BYTE      PCON
      000000BCH   SFRSYM    DATA     BYTE      ADC_CONTR
      000000AFH.7 SFRSYM    DATA     BIT       EUSB
      000000D1H   SFRSYM    DATA     BYTE      PSW1
      000000E7H   SFRSYM    DATA     BYTE      CMPCR2
      000000E6H   SFRSYM    DATA     BYTE      CMPCR1
      000000DEH   SFRSYM    DATA     BYTE      ADCCFG
      000000B8H   SFRSYM    DATA     BYTE      IP
      0000008FH   SFRSYM    DATA     BYTE      INTCLKO
      000000EEH   SFRSYM    DATA     BYTE      IP3H
      000000B6H   SFRSYM    DATA     BYTE      IP2H
      000000BFH   SFRSYM    DATA     BYTE      P_SW4
      000000A8H   SFRSYM    DATA     BYTE      IE
      000000BBH   SFRSYM    DATA     BYTE      P_SW3
      000000BAH   SFRSYM    DATA     BYTE      P_SW2
      000000A2H   SFRSYM    DATA     BYTE      P_SW1
      000000CEH   SFRSYM    DATA     BYTE      SPCTL
      000000F8H   SFRSYM    DATA     BYTE      P7
      000000A8H.7 SFRSYM    DATA     BIT       EA
      000000E1H   SFRSYM    DATA     BYTE      P7M1
      000000E8H   SFRSYM    DATA     BYTE      P6
      000000C8H   SFRSYM    DATA     BYTE      P5
      000000CBH   SFRSYM    DATA     BYTE      P6M1
      000000E2H   SFRSYM    DATA     BYTE      P7M0
      000000C0H   SFRSYM    DATA     BYTE      P4
      000000C9H   SFRSYM    DATA     BYTE      P5M1
      000000CCH   SFRSYM    DATA     BYTE      P6M0
      000000ABH   SFRSYM    DATA     BYTE      WKTCH
      000000B0H   SFRSYM    DATA     BYTE      P3
      000000B3H   SFRSYM    DATA     BYTE      P4M1
      000000CAH   SFRSYM    DATA     BYTE      P5M0
      000000A0H   SFRSYM    DATA     BYTE      P2
      000000B1H   SFRSYM    DATA     BYTE      P3M1
      000000B4H   SFRSYM    DATA     BYTE      P4M0
      00000090H   SFRSYM    DATA     BYTE      P1
      00000095H   SFRSYM    DATA     BYTE      P2M1
      000000B2H   SFRSYM    DATA     BYTE      P3M0
      00000080H   SFRSYM    DATA     BYTE      P0
L251 LINKER/LOCATER V4.66.93.0                                                        12/29/2024  11:00:19  PAGE 12


      00000091H   SFRSYM    DATA     BYTE      P1M1
      00000096H   SFRSYM    DATA     BYTE      P2M0
      00000092H   SFRSYM    DATA     BYTE      P1M0
      00000093H   SFRSYM    DATA     BYTE      P0M1

      00FF10D8H   BLOCK     CODE     ---       LVL=0
      00FF10D8H   LINE      CODE     ---       #10
      00FF10D8H   LINE      CODE     ---       #12
      00FF10DBH   LINE      CODE     ---       #13
      00FF10DEH   LINE      CODE     ---       #14
      00FF10E1H   LINE      CODE     ---       #16
      00FF10F1H   LINE      CODE     ---       #18
      00FF10F7H   LINE      CODE     ---       #19
      00FF10FDH   LINE      CODE     ---       #20
      00FF1103H   LINE      CODE     ---       #21
      00FF1109H   LINE      CODE     ---       #22
      00FF110FH   LINE      CODE     ---       #23
      00FF1115H   LINE      CODE     ---       #24
      00FF111BH   LINE      CODE     ---       #25
      00FF1121H   LINE      CODE     ---       #27
      00FF1124H   LINE      CODE     ---       #28
      00FF1127H   LINE      CODE     ---       #29
      00FF1129H   LINE      CODE     ---       #30
      00FF112BH   LINE      CODE     ---       #31
      ---         BLOCKEND  ---      ---       LVL=0

      00FF1B39H   BLOCK     CODE     ---       LVL=0
      00FF1B39H   LINE      CODE     ---       #33
      00FF1B39H   LINE      CODE     ---       #35
      00FF1B3CH   LINE      CODE     ---       #36
      00FF1B3CH   LINE      CODE     ---       #38
      00FF1B3FH   LINE      CODE     ---       #39
      ---         BLOCKEND  ---      ---       LVL=0

      ---         MODULE    ---      ---       myDelay
      00FF19AAH   PUBLIC    CODE     ---       delay_ms
      000000D0H   SFRSYM    DATA     BYTE      PSW
      0000009DH   SFRSYM    DATA     BYTE      IRCBAND
      00000097H   SFRSYM    DATA     BYTE      AUXR2
      000000EFH   SFRSYM    DATA     BYTE      AUXINTIF
      000000FDH   SFRSYM    DATA     BYTE      S4CON
      000000ACH   SFRSYM    DATA     BYTE      S3CON
      0000009AH   SFRSYM    DATA     BYTE      S2CON
      000000B7H   SFRSYM    DATA     BYTE      IPH
      000000CDH   SFRSYM    DATA     BYTE      SPSTAT
      000000DDH   SFRSYM    DATA     BYTE      T4T3M
      000000C1H   SFRSYM    DATA     BYTE      WDT_CONTR
      000000DFH   SFRSYM    DATA     BYTE      IP3
      000000F4H   SFRSYM    DATA     BYTE      USBCON
      000000B5H   SFRSYM    DATA     BYTE      IP2
      000000FFH   SFRSYM    DATA     BYTE      RSTCFG
      000000C7H   SFRSYM    DATA     BYTE      IAP_CONTR
      0000008EH   SFRSYM    DATA     BYTE      AUXR
      000000AFH   SFRSYM    DATA     BYTE      IE2
      00000088H   SFRSYM    DATA     BYTE      TCON
      00000089H   SFRSYM    DATA     BYTE      TMOD
      00000098H   SFRSYM    DATA     BYTE      SCON
      00000087H   SFRSYM    DATA     BYTE      PCON
      000000BCH   SFRSYM    DATA     BYTE      ADC_CONTR
      000000D1H   SFRSYM    DATA     BYTE      PSW1
      000000E7H   SFRSYM    DATA     BYTE      CMPCR2
      000000E6H   SFRSYM    DATA     BYTE      CMPCR1
      000000DEH   SFRSYM    DATA     BYTE      ADCCFG
      000000B8H   SFRSYM    DATA     BYTE      IP
      0000008FH   SFRSYM    DATA     BYTE      INTCLKO
L251 LINKER/LOCATER V4.66.93.0                                                        12/29/2024  11:00:19  PAGE 13


      000000EEH   SFRSYM    DATA     BYTE      IP3H
      000000B6H   SFRSYM    DATA     BYTE      IP2H
      000000BFH   SFRSYM    DATA     BYTE      P_SW4
      000000A8H   SFRSYM    DATA     BYTE      IE
      000000BBH   SFRSYM    DATA     BYTE      P_SW3
      000000BAH   SFRSYM    DATA     BYTE      P_SW2
      000000A2H   SFRSYM    DATA     BYTE      P_SW1
      000000CEH   SFRSYM    DATA     BYTE      SPCTL
      000000F8H   SFRSYM    DATA     BYTE      P7
      000000E8H   SFRSYM    DATA     BYTE      P6
      000000C8H   SFRSYM    DATA     BYTE      P5
      000000C0H   SFRSYM    DATA     BYTE      P4
      000000ABH   SFRSYM    DATA     BYTE      WKTCH
      000000B0H   SFRSYM    DATA     BYTE      P3
      000000A0H   SFRSYM    DATA     BYTE      P2
      00000090H   SFRSYM    DATA     BYTE      P1
      00000080H   SFRSYM    DATA     BYTE      P0

      00FF19AAH   BLOCK     CODE     ---       LVL=0
      WR4         REGSYM    ---      WORD      ms
      00FF19ACH   BLOCK     CODE     NEAR LAB  LVL=1
      WR6         REGSYM    ---      WORD      i
      ---         BLOCKEND  ---      ---       LVL=1
      00FF19AAH   LINE      CODE     ---       #15
      00FF19ACH   LINE      CODE     ---       #16
      00FF19ACH   LINE      CODE     ---       #18
      00FF19ACH   LINE      CODE     ---       #19
      00FF19B0H   LINE      CODE     ---       #20
      00FF19B8H   LINE      CODE     ---       #21
      00FF19C0H   LINE      CODE     ---       #22
      ---         BLOCKEND  ---      ---       LVL=0

      ---         MODULE    ---      ---       myLed
      00FF0003H   PUBLIC    CODE     ---       led_loop
      000000D0H   SFRSYM    DATA     BYTE      PSW
      0000009DH   SFRSYM    DATA     BYTE      IRCBAND
      00000097H   SFRSYM    DATA     BYTE      AUXR2
      000000EFH   SFRSYM    DATA     BYTE      AUXINTIF
      000000FDH   SFRSYM    DATA     BYTE      S4CON
      000000ACH   SFRSYM    DATA     BYTE      S3CON
      0000009AH   SFRSYM    DATA     BYTE      S2CON
      000000B7H   SFRSYM    DATA     BYTE      IPH
      000000CDH   SFRSYM    DATA     BYTE      SPSTAT
      000000DDH   SFRSYM    DATA     BYTE      T4T3M
      000000C1H   SFRSYM    DATA     BYTE      WDT_CONTR
      000000DFH   SFRSYM    DATA     BYTE      IP3
      000000F4H   SFRSYM    DATA     BYTE      USBCON
      000000B5H   SFRSYM    DATA     BYTE      IP2
      000000FFH   SFRSYM    DATA     BYTE      RSTCFG
      000000C7H   SFRSYM    DATA     BYTE      IAP_CONTR
      0000008EH   SFRSYM    DATA     BYTE      AUXR
      000000AFH   SFRSYM    DATA     BYTE      IE2
      00000088H   SFRSYM    DATA     BYTE      TCON
      00000089H   SFRSYM    DATA     BYTE      TMOD
      00000098H   SFRSYM    DATA     BYTE      SCON
      00000087H   SFRSYM    DATA     BYTE      PCON
      00000090H.0 SFRSYM    DATA     BIT       P10
      000000BCH   SFRSYM    DATA     BYTE      ADC_CONTR
      000000D1H   SFRSYM    DATA     BYTE      PSW1
      000000E7H   SFRSYM    DATA     BYTE      CMPCR2
      000000E6H   SFRSYM    DATA     BYTE      CMPCR1
      000000DEH   SFRSYM    DATA     BYTE      ADCCFG
      000000B8H   SFRSYM    DATA     BYTE      IP
      0000008FH   SFRSYM    DATA     BYTE      INTCLKO
      000000EEH   SFRSYM    DATA     BYTE      IP3H
L251 LINKER/LOCATER V4.66.93.0                                                        12/29/2024  11:00:19  PAGE 14


      000000B6H   SFRSYM    DATA     BYTE      IP2H
      000000BFH   SFRSYM    DATA     BYTE      P_SW4
      000000A8H   SFRSYM    DATA     BYTE      IE
      000000BBH   SFRSYM    DATA     BYTE      P_SW3
      000000BAH   SFRSYM    DATA     BYTE      P_SW2
      000000A2H   SFRSYM    DATA     BYTE      P_SW1
      000000CEH   SFRSYM    DATA     BYTE      SPCTL
      000000F8H   SFRSYM    DATA     BYTE      P7
      000000E8H   SFRSYM    DATA     BYTE      P6
      000000C8H   SFRSYM    DATA     BYTE      P5
      000000C0H   SFRSYM    DATA     BYTE      P4
      000000ABH   SFRSYM    DATA     BYTE      WKTCH
      000000B0H   SFRSYM    DATA     BYTE      P3
      000000A0H   SFRSYM    DATA     BYTE      P2
      00000090H   SFRSYM    DATA     BYTE      P1
      00000080H   SFRSYM    DATA     BYTE      P0

      00FF0003H   BLOCK     CODE     ---       LVL=0
      00FF0003H   LINE      CODE     ---       #5
      00FF0003H   LINE      CODE     ---       #7
      00FF0005H   LINE      CODE     ---       #8
      00FF000CH   LINE      CODE     ---       #9
      00FF000EH   LINE      CODE     ---       #10
      00FF0015H   LINE      CODE     ---       #11
      00FF0017H   LINE      CODE     ---       #12
      00FF001EH   LINE      CODE     ---       #13
      00FF0020H   LINE      CODE     ---       #14
      00FF0027H   LINE      CODE     ---       #15
      00FF0029H   LINE      CODE     ---       #16
      00FF0030H   LINE      CODE     ---       #17
      00FF0032H   LINE      CODE     ---       #18
      00FF0039H   LINE      CODE     ---       #20
      00FF003BH   LINE      CODE     ---       #21
      00FF0042H   LINE      CODE     ---       #22
      00FF0044H   LINE      CODE     ---       #23
      00FF004BH   LINE      CODE     ---       #24
      00FF004DH   LINE      CODE     ---       #25
      00FF0054H   LINE      CODE     ---       #26
      00FF0056H   LINE      CODE     ---       #27
      00FF005DH   LINE      CODE     ---       #28
      00FF005FH   LINE      CODE     ---       #29
      00FF0066H   LINE      CODE     ---       #30
      00FF0068H   LINE      CODE     ---       #31
      00FF006FH   LINE      CODE     ---       #33
      00FF0071H   LINE      CODE     ---       #34
      00FF0078H   LINE      CODE     ---       #35
      00FF007AH   LINE      CODE     ---       #36
      00FF0081H   LINE      CODE     ---       #37
      00FF0083H   LINE      CODE     ---       #38
      00FF008AH   LINE      CODE     ---       #39
      00FF008CH   LINE      CODE     ---       #40
      00FF0093H   LINE      CODE     ---       #41
      00FF0095H   LINE      CODE     ---       #42
      00FF009CH   LINE      CODE     ---       #43
      00FF009EH   LINE      CODE     ---       #44
      00FF00A5H   LINE      CODE     ---       #46
      ---         BLOCKEND  ---      ---       LVL=0

      ---         MODULE    ---      ---       usb
      00FF1AF1H   PUBLIC    CODE     ---       usb_setup_in
      00FF1B02H   PUBLIC    CODE     ---       usb_setup_out
      00FF0FBFH   PUBLIC    CODE     ---       usb_ctrl_in
      00FF1082H   PUBLIC    CODE     ---       usb_ctrl_out
      00FF188AH   PUBLIC    CODE     ---       usb_OUT_done
      00FF1B50H   PUBLIC    CODE     ---       usb_suspend
L251 LINKER/LOCATER V4.66.93.0                                                        12/29/2024  11:00:19  PAGE 15


      00FF1A90H   PUBLIC    CODE     ---       usb_bulk_intr_in
      00FF1826H   PUBLIC    CODE     ---       usb_bulk_intr_out
      00FF1B51H   PUBLIC    CODE     ---       usb_resume
      00FF1443H   PUBLIC    CODE     ---       usb_IN
      00FF1409H   PUBLIC    CODE     ---       usb_read_fifo?_
      00FF147CH   PUBLIC    CODE     ---       usb_reset
      00FF0D59H   PUBLIC    CODE     ---       USB_SendData
      00FF0CCFH   PUBLIC    CODE     ---       usb_setup
      00FF16D2H   PUBLIC    CODE     ---       usb_write_fifo?_
      00FF0F53H   PUBLIC    CODE     ---       usb_init
      00FF1B10H   PUBLIC    CODE     ---       usb_setup_stall
      00FF1B2CH   PUBLIC    CODE     ---       usb_setup_status
      00FF1AA5H   PUBLIC    CODE     ---       usb_read_reg
      00FF1651H   PUBLIC    CODE     ---       usb_in_ep1
      00FF0E61H   PUBLIC    CODE     ---       usb_out_ep1
      00FF1ABAH   PUBLIC    CODE     ---       usb_write_reg
      00FF0EDDH   PUBLIC    CODE     ---       usb_isr
      00000008H   PUBLIC    EDATA    ---       Setup
      00000010H   PUBLIC    EDATA    BYTE      DeviceState
      00000011H   PUBLIC    EDATA    ---       Ep0State
      00000018H   PUBLIC    EDATA    BYTE      InEpState
      00000019H   PUBLIC    EDATA    BYTE      OutEpState
      00000020H.0 PUBLIC    BIT      BIT       bUsbOutReady
      00000020H.1 PUBLIC    BIT      BIT       bUsbFeatureReady
      00000020H.2 PUBLIC    BIT      BIT       bUsbInBusy
      00010000H   PUBLIC    XDATA    ---       UsbInBuffer
      00010040H   PUBLIC    XDATA    ---       UsbOutBuffer
      00010080H   PUBLIC    XDATA    ---       UsbFeatureBuffer
      000000D0H   SFRSYM    DATA     BYTE      PSW
      0000009DH   SFRSYM    DATA     BYTE      IRCBAND
      00000097H   SFRSYM    DATA     BYTE      AUXR2
      000000EFH   SFRSYM    DATA     BYTE      AUXINTIF
      000000FDH   SFRSYM    DATA     BYTE      S4CON
      000000ACH   SFRSYM    DATA     BYTE      S3CON
      0000009AH   SFRSYM    DATA     BYTE      S2CON
      000000B7H   SFRSYM    DATA     BYTE      IPH
      000000CDH   SFRSYM    DATA     BYTE      SPSTAT
      000000DDH   SFRSYM    DATA     BYTE      T4T3M
      000000C1H   SFRSYM    DATA     BYTE      WDT_CONTR
      000000DFH   SFRSYM    DATA     BYTE      IP3
      000000F4H   SFRSYM    DATA     BYTE      USBCON
      000000B5H   SFRSYM    DATA     BYTE      IP2
      000000FFH   SFRSYM    DATA     BYTE      RSTCFG
      000000DCH   SFRSYM    DATA     BYTE      USBCLK
      000000ECH   SFRSYM    DATA     BYTE      USBDAT
      000000C7H   SFRSYM    DATA     BYTE      IAP_CONTR
      000000F9H   SFRSYM    DATA     BYTE      LINICR
      000000FCH   SFRSYM    DATA     BYTE      USBADR
      0000008EH   SFRSYM    DATA     BYTE      AUXR
      000000AFH   SFRSYM    DATA     BYTE      IE2
      00000088H   SFRSYM    DATA     BYTE      TCON
      00000098H   SFRSYM    DATA     BYTE      SCON
      000000F1H   SFRSYM    DATA     BYTE      CANICR
      00000087H   SFRSYM    DATA     BYTE      PCON
      000000BCH   SFRSYM    DATA     BYTE      ADC_CONTR
      000000AFH.7 SFRSYM    DATA     BIT       EUSB
      000000E7H   SFRSYM    DATA     BYTE      CMPCR2
      000000E6H   SFRSYM    DATA     BYTE      CMPCR1
      000000B8H   SFRSYM    DATA     BYTE      IP
      0000008FH   SFRSYM    DATA     BYTE      INTCLKO
      000000EEH   SFRSYM    DATA     BYTE      IP3H
      000000B6H   SFRSYM    DATA     BYTE      IP2H
      000000A8H   SFRSYM    DATA     BYTE      IE
      000000BBH   SFRSYM    DATA     BYTE      P_SW3
      000000BAH   SFRSYM    DATA     BYTE      P_SW2
L251 LINKER/LOCATER V4.66.93.0                                                        12/29/2024  11:00:19  PAGE 16


      000000A2H   SFRSYM    DATA     BYTE      P_SW1
      000000CEH   SFRSYM    DATA     BYTE      SPCTL
      000000F8H   SFRSYM    DATA     BYTE      P7
      000000E8H   SFRSYM    DATA     BYTE      P6
      000000C8H   SFRSYM    DATA     BYTE      P5
      000000C0H   SFRSYM    DATA     BYTE      P4
      000000B0H   SFRSYM    DATA     BYTE      P3
      000000A0H   SFRSYM    DATA     BYTE      P2
      000000B1H   SFRSYM    DATA     BYTE      P3M1
      00000090H   SFRSYM    DATA     BYTE      P1
      000000B2H   SFRSYM    DATA     BYTE      P3M0
      00000080H   SFRSYM    DATA     BYTE      P0

      ---         MODULE    ---      ---       usb_req_class
      00FF1B41H   PUBLIC    CODE     ---       usb_get_protocol
      00FF1B44H   PUBLIC    CODE     ---       usb_set_protocol
      00FF1723H   PUBLIC    CODE     ---       usb_get_idle
      00FF167EH   PUBLIC    CODE     ---       usb_get_report
      00FF1623H   PUBLIC    CODE     ---       usb_req_class
      00FF17D1H   PUBLIC    CODE     ---       usb_set_idle
      00FF16A8H   PUBLIC    CODE     ---       usb_set_report
      0000001FH   PUBLIC    EDATA    BYTE      bHidIdle
      000000D0H   SFRSYM    DATA     BYTE      PSW
      0000009DH   SFRSYM    DATA     BYTE      IRCBAND
      00000097H   SFRSYM    DATA     BYTE      AUXR2
      000000EFH   SFRSYM    DATA     BYTE      AUXINTIF
      000000FDH   SFRSYM    DATA     BYTE      S4CON
      000000ACH   SFRSYM    DATA     BYTE      S3CON
      0000009AH   SFRSYM    DATA     BYTE      S2CON
      000000B7H   SFRSYM    DATA     BYTE      IPH
      000000CDH   SFRSYM    DATA     BYTE      SPSTAT
      000000DDH   SFRSYM    DATA     BYTE      T4T3M
      000000C1H   SFRSYM    DATA     BYTE      WDT_CONTR
      000000DFH   SFRSYM    DATA     BYTE      IP3
      000000F4H   SFRSYM    DATA     BYTE      USBCON
      000000B5H   SFRSYM    DATA     BYTE      IP2
      000000FFH   SFRSYM    DATA     BYTE      RSTCFG
      000000F9H   SFRSYM    DATA     BYTE      LINICR
      0000008EH   SFRSYM    DATA     BYTE      AUXR
      000000AFH   SFRSYM    DATA     BYTE      IE2
      00000088H   SFRSYM    DATA     BYTE      TCON
      00000098H   SFRSYM    DATA     BYTE      SCON
      000000F1H   SFRSYM    DATA     BYTE      CANICR
      00000087H   SFRSYM    DATA     BYTE      PCON
      000000BCH   SFRSYM    DATA     BYTE      ADC_CONTR
      000000E7H   SFRSYM    DATA     BYTE      CMPCR2
      000000E6H   SFRSYM    DATA     BYTE      CMPCR1
      000000B8H   SFRSYM    DATA     BYTE      IP
      0000008FH   SFRSYM    DATA     BYTE      INTCLKO
      000000EEH   SFRSYM    DATA     BYTE      IP3H
      000000B6H   SFRSYM    DATA     BYTE      IP2H
      000000A8H   SFRSYM    DATA     BYTE      IE
      000000BBH   SFRSYM    DATA     BYTE      P_SW3
      000000BAH   SFRSYM    DATA     BYTE      P_SW2
      000000A2H   SFRSYM    DATA     BYTE      P_SW1
      000000CEH   SFRSYM    DATA     BYTE      SPCTL
      000000F8H   SFRSYM    DATA     BYTE      P7
      000000E8H   SFRSYM    DATA     BYTE      P6
      000000C8H   SFRSYM    DATA     BYTE      P5
      000000C0H   SFRSYM    DATA     BYTE      P4
      000000B0H   SFRSYM    DATA     BYTE      P3
      000000A0H   SFRSYM    DATA     BYTE      P2
      00000090H   SFRSYM    DATA     BYTE      P1
      00000080H   SFRSYM    DATA     BYTE      P0

L251 LINKER/LOCATER V4.66.93.0                                                        12/29/2024  11:00:19  PAGE 17


      ---         MODULE    ---      ---       usb_req_std
      00FF129BH   PUBLIC    CODE     ---       usb_get_interface
      00FF09F4H   PUBLIC    CODE     ---       usb_clear_feature
      00FF16FBH   PUBLIC    CODE     ---       usb_set_interface
      00FF0918H   PUBLIC    CODE     ---       usb_get_descriptor
      00FF1B47H   PUBLIC    CODE     ---       usb_set_descriptor
      00FF1026H   PUBLIC    CODE     ---       usb_req_std
      00FF1B4AH   PUBLIC    CODE     ---       usb_synch_frame
      00FF11CDH   PUBLIC    CODE     ---       usb_set_address
      00FF0A8FH   PUBLIC    CODE     ---       usb_set_feature
      00FF112CH   PUBLIC    CODE     ---       usb_get_configuration
      00FF0C42H   PUBLIC    CODE     ---       usb_set_configuration
      00FF0819H   PUBLIC    CODE     ---       usb_get_status
      000000D0H   SFRSYM    DATA     BYTE      PSW
      0000009DH   SFRSYM    DATA     BYTE      IRCBAND
      00000097H   SFRSYM    DATA     BYTE      AUXR2
      000000EFH   SFRSYM    DATA     BYTE      AUXINTIF
      000000FDH   SFRSYM    DATA     BYTE      S4CON
      000000ACH   SFRSYM    DATA     BYTE      S3CON
      0000009AH   SFRSYM    DATA     BYTE      S2CON
      000000B7H   SFRSYM    DATA     BYTE      IPH
      000000CDH   SFRSYM    DATA     BYTE      SPSTAT
      000000DDH   SFRSYM    DATA     BYTE      T4T3M
      000000C1H   SFRSYM    DATA     BYTE      WDT_CONTR
      000000DFH   SFRSYM    DATA     BYTE      IP3
      000000F4H   SFRSYM    DATA     BYTE      USBCON
      000000B5H   SFRSYM    DATA     BYTE      IP2
      000000FFH   SFRSYM    DATA     BYTE      RSTCFG
      000000F9H   SFRSYM    DATA     BYTE      LINICR
      0000008EH   SFRSYM    DATA     BYTE      AUXR
      000000AFH   SFRSYM    DATA     BYTE      IE2
      00000088H   SFRSYM    DATA     BYTE      TCON
      00000098H   SFRSYM    DATA     BYTE      SCON
      000000F1H   SFRSYM    DATA     BYTE      CANICR
      00000087H   SFRSYM    DATA     BYTE      PCON
      000000BCH   SFRSYM    DATA     BYTE      ADC_CONTR
      000000E7H   SFRSYM    DATA     BYTE      CMPCR2
      000000E6H   SFRSYM    DATA     BYTE      CMPCR1
      000000B8H   SFRSYM    DATA     BYTE      IP
      0000008FH   SFRSYM    DATA     BYTE      INTCLKO
      000000EEH   SFRSYM    DATA     BYTE      IP3H
      000000B6H   SFRSYM    DATA     BYTE      IP2H
      000000A8H   SFRSYM    DATA     BYTE      IE
      000000BBH   SFRSYM    DATA     BYTE      P_SW3
      000000BAH   SFRSYM    DATA     BYTE      P_SW2
      000000A2H   SFRSYM    DATA     BYTE      P_SW1
      000000CEH   SFRSYM    DATA     BYTE      SPCTL
      000000F8H   SFRSYM    DATA     BYTE      P7
      000000E8H   SFRSYM    DATA     BYTE      P6
      000000C8H   SFRSYM    DATA     BYTE      P5
      000000C0H   SFRSYM    DATA     BYTE      P4
      000000B0H   SFRSYM    DATA     BYTE      P3
      000000A0H   SFRSYM    DATA     BYTE      P2
      00000090H   SFRSYM    DATA     BYTE      P1
      00000080H   SFRSYM    DATA     BYTE      P0

      ---         MODULE    ---      ---       usb_req_vendor
      00FF1B4DH   PUBLIC    CODE     ---       usb_req_vendor
      000000D0H   SFRSYM    DATA     BYTE      PSW
      0000009DH   SFRSYM    DATA     BYTE      IRCBAND
      00000097H   SFRSYM    DATA     BYTE      AUXR2
      000000EFH   SFRSYM    DATA     BYTE      AUXINTIF
      000000FDH   SFRSYM    DATA     BYTE      S4CON
      000000ACH   SFRSYM    DATA     BYTE      S3CON
      0000009AH   SFRSYM    DATA     BYTE      S2CON
L251 LINKER/LOCATER V4.66.93.0                                                        12/29/2024  11:00:19  PAGE 18


      000000B7H   SFRSYM    DATA     BYTE      IPH
      000000CDH   SFRSYM    DATA     BYTE      SPSTAT
      000000DDH   SFRSYM    DATA     BYTE      T4T3M
      000000C1H   SFRSYM    DATA     BYTE      WDT_CONTR
      000000DFH   SFRSYM    DATA     BYTE      IP3
      000000F4H   SFRSYM    DATA     BYTE      USBCON
      000000B5H   SFRSYM    DATA     BYTE      IP2
      000000FFH   SFRSYM    DATA     BYTE      RSTCFG
      000000F9H   SFRSYM    DATA     BYTE      LINICR
      0000008EH   SFRSYM    DATA     BYTE      AUXR
      000000AFH   SFRSYM    DATA     BYTE      IE2
      00000088H   SFRSYM    DATA     BYTE      TCON
      00000098H   SFRSYM    DATA     BYTE      SCON
      000000F1H   SFRSYM    DATA     BYTE      CANICR
      00000087H   SFRSYM    DATA     BYTE      PCON
      000000BCH   SFRSYM    DATA     BYTE      ADC_CONTR
      000000E7H   SFRSYM    DATA     BYTE      CMPCR2
      000000E6H   SFRSYM    DATA     BYTE      CMPCR1
      000000B8H   SFRSYM    DATA     BYTE      IP
      0000008FH   SFRSYM    DATA     BYTE      INTCLKO
      000000EEH   SFRSYM    DATA     BYTE      IP3H
      000000B6H   SFRSYM    DATA     BYTE      IP2H
      000000A8H   SFRSYM    DATA     BYTE      IE
      000000BBH   SFRSYM    DATA     BYTE      P_SW3
      000000BAH   SFRSYM    DATA     BYTE      P_SW2
      000000A2H   SFRSYM    DATA     BYTE      P_SW1
      000000CEH   SFRSYM    DATA     BYTE      SPCTL
      000000F8H   SFRSYM    DATA     BYTE      P7
      000000E8H   SFRSYM    DATA     BYTE      P6
      000000C8H   SFRSYM    DATA     BYTE      P5
      000000C0H   SFRSYM    DATA     BYTE      P4
      000000B0H   SFRSYM    DATA     BYTE      P3
      000000A0H   SFRSYM    DATA     BYTE      P2
      00000090H   SFRSYM    DATA     BYTE      P1
      00000080H   SFRSYM    DATA     BYTE      P0

      ---         MODULE    ---      ---       util
      00FF1ACDH   PUBLIC    CODE     ---       LCD12864_DisplayClear
      00FF14B4H   PUBLIC    CODE     ---       OLED12864_ScrollRight
      00FF19C1H   PUBLIC    CODE     ---       OLED12864_DisplayOff
      00FF1524H   PUBLIC    CODE     ---       OLED12864_ScrollLeft
      00FF00ACH   PUBLIC    CODE     ---       OLED12864_SetAddressMode
      00FF1793H   PUBLIC    CODE     ---       OLED12864_SetContrast
      00FF19D8H   PUBLIC    CODE     ---       LCD12864_AutoWrapOff
      00FF12D9H   PUBLIC    CODE     ---       OLED12864_ShowPicture
      00FF18A2H   PUBLIC    CODE     ---       OLED12864_ScrollStart
      00FF15C3H   PUBLIC    CODE     ---       SEG7_ShowFloat
      00FF1217H   PUBLIC    CODE     ---       SEG7_ShowString
      00FF1590H   PUBLIC    CODE     ---       SEG7_ShowCode
      00FF1317H   PUBLIC    CODE     ---       LED40_SendData
      00FF18BAH   PUBLIC    CODE     ---       OLED12864_DisplayOn
      00FF17B2H   PUBLIC    CODE     ---       LCD12864_ReverseLine
      00FF19EFH   PUBLIC    CODE     ---       OLED12864_ScrollStop
      00FF1355H   PUBLIC    CODE     ---       LED64_SendData
      00FF15F4H   PUBLIC    CODE     ---       printf_hid
      00FF1393H   PUBLIC    CODE     ---       SEG7_ShowLong
      00FF18D2H   PUBLIC    CODE     ---       LCD12864_ScrollRight
      00FF18EAH   PUBLIC    CODE     ---       LCD12864_AutoWrapOn
      00FF1A06H   PUBLIC    CODE     ---       LCD12864_DisplayOff
      00FF155BH   PUBLIC    CODE     ---       reverse2
      00FF1A1DH   PUBLIC    CODE     ---       LCD12864_ScrollLeft
      00FF1A34H   PUBLIC    CODE     ---       OLED12864_HorizontalMirror
      00FF1180H   PUBLIC    CODE     ---       LCD12864_ShowPicture
      00FF14ECH   PUBLIC    CODE     ---       OLED12864_ScrollUp
      00FF1A4BH   PUBLIC    CODE     ---       OLED12864_DisplayContent
L251 LINKER/LOCATER V4.66.93.0                                                        12/29/2024  11:00:19  PAGE 19


      00FF1ADFH   PUBLIC    CODE     ---       OLED12864_DisplayReverse
      00FF1902H   PUBLIC    CODE     ---       OLED12864_VerticalMirror
      00FF191AH   PUBLIC    CODE     ---       LCD12864_CursorReturnHome
      00FF1932H   PUBLIC    CODE     ---       OLED12864_DisplayEntire
      00FF194AH   PUBLIC    CODE     ---       LCD12864_DisplayOn
      00FF1962H   PUBLIC    CODE     ---       LCD12864_CursorMoveRight
      00FF13CEH   PUBLIC    CODE     ---       LCD12864_ShowString
      00FF1A62H   PUBLIC    CODE     ---       LCD12864_CursorOff
      00FF197AH   PUBLIC    CODE     ---       sleep_ms
      00FF1A79H   PUBLIC    CODE     ---       LCD12864_CursorMoveLeft
      00FF17EFH   PUBLIC    CODE     ---       sleep_us
      00FF1749H   PUBLIC    CODE     ---       LCD12864_ScrollUp
      00FF1992H   PUBLIC    CODE     ---       LCD12864_CursorOn
      00000049H   PUBLIC    EDATA    BYTE      ?SEG7_ShowString?BYTE
      00000075H   PUBLIC    EDATA    BYTE      ?printf_hid?BYTE
      000000D0H   SFRSYM    DATA     BYTE      PSW
      0000009DH   SFRSYM    DATA     BYTE      IRCBAND
      00000097H   SFRSYM    DATA     BYTE      AUXR2
      000000EFH   SFRSYM    DATA     BYTE      AUXINTIF
      000000FDH   SFRSYM    DATA     BYTE      S4CON
      000000ACH   SFRSYM    DATA     BYTE      S3CON
      0000009AH   SFRSYM    DATA     BYTE      S2CON
      000000B7H   SFRSYM    DATA     BYTE      IPH
      000000CDH   SFRSYM    DATA     BYTE      SPSTAT
      000000DDH   SFRSYM    DATA     BYTE      T4T3M
      000000C1H   SFRSYM    DATA     BYTE      WDT_CONTR
      000000DFH   SFRSYM    DATA     BYTE      IP3
      000000F4H   SFRSYM    DATA     BYTE      USBCON
      000000B5H   SFRSYM    DATA     BYTE      IP2
      000000FFH   SFRSYM    DATA     BYTE      RSTCFG
      000000F9H   SFRSYM    DATA     BYTE      LINICR
      0000008EH   SFRSYM    DATA     BYTE      AUXR
      000000AFH   SFRSYM    DATA     BYTE      IE2
      00000088H   SFRSYM    DATA     BYTE      TCON
      00000098H   SFRSYM    DATA     BYTE      SCON
      000000F1H   SFRSYM    DATA     BYTE      CANICR
      00000087H   SFRSYM    DATA     BYTE      PCON
      000000BCH   SFRSYM    DATA     BYTE      ADC_CONTR
      000000E7H   SFRSYM    DATA     BYTE      CMPCR2
      000000E6H   SFRSYM    DATA     BYTE      CMPCR1
      000000B8H   SFRSYM    DATA     BYTE      IP
      0000008FH   SFRSYM    DATA     BYTE      INTCLKO
      000000EEH   SFRSYM    DATA     BYTE      IP3H
      000000B6H   SFRSYM    DATA     BYTE      IP2H
      000000A8H   SFRSYM    DATA     BYTE      IE
      000000BBH   SFRSYM    DATA     BYTE      P_SW3
      000000BAH   SFRSYM    DATA     BYTE      P_SW2
      000000A2H   SFRSYM    DATA     BYTE      P_SW1
      000000CEH   SFRSYM    DATA     BYTE      SPCTL
      000000F8H   SFRSYM    DATA     BYTE      P7
      000000E8H   SFRSYM    DATA     BYTE      P6
      000000C8H   SFRSYM    DATA     BYTE      P5
      000000C0H   SFRSYM    DATA     BYTE      P4
      000000B0H   SFRSYM    DATA     BYTE      P3
      000000A0H   SFRSYM    DATA     BYTE      P2
      00000090H   SFRSYM    DATA     BYTE      P1
      00000080H   SFRSYM    DATA     BYTE      P0

      ---         MODULE    ---      ---       usb_desc
      00FF0DE1H   PUBLIC    CODE     ---       PRODUCTDESC
      00FF0DFBH   PUBLIC    CODE     ---       LANGIDDESC
      00FF0DFFH   PUBLIC    CODE     ---       DEVICEDESC
      00FF0E11H   PUBLIC    CODE     ---       HIDREPORTDESC
      00FF0E2CH   PUBLIC    CODE     ---       CONFIGDESC
      00FF0E55H   PUBLIC    CODE     ---       PACKET0
L251 LINKER/LOCATER V4.66.93.0                                                        12/29/2024  11:00:19  PAGE 20


      00FF0E57H   PUBLIC    CODE     ---       PACKET1
      00FF0E59H   PUBLIC    CODE     ---       MANUFACTDESC
      000000D0H   SFRSYM    DATA     BYTE      PSW
      0000009DH   SFRSYM    DATA     BYTE      IRCBAND
      00000097H   SFRSYM    DATA     BYTE      AUXR2
      000000EFH   SFRSYM    DATA     BYTE      AUXINTIF
      000000FDH   SFRSYM    DATA     BYTE      S4CON
      000000ACH   SFRSYM    DATA     BYTE      S3CON
      0000009AH   SFRSYM    DATA     BYTE      S2CON
      000000B7H   SFRSYM    DATA     BYTE      IPH
      000000CDH   SFRSYM    DATA     BYTE      SPSTAT
      000000DDH   SFRSYM    DATA     BYTE      T4T3M
      000000C1H   SFRSYM    DATA     BYTE      WDT_CONTR
      000000DFH   SFRSYM    DATA     BYTE      IP3
      000000F4H   SFRSYM    DATA     BYTE      USBCON
      000000B5H   SFRSYM    DATA     BYTE      IP2
      000000FFH   SFRSYM    DATA     BYTE      RSTCFG
      000000F9H   SFRSYM    DATA     BYTE      LINICR
      0000008EH   SFRSYM    DATA     BYTE      AUXR
      000000AFH   SFRSYM    DATA     BYTE      IE2
      00000088H   SFRSYM    DATA     BYTE      TCON
      00000098H   SFRSYM    DATA     BYTE      SCON
      000000F1H   SFRSYM    DATA     BYTE      CANICR
      00000087H   SFRSYM    DATA     BYTE      PCON
      000000BCH   SFRSYM    DATA     BYTE      ADC_CONTR
      000000E7H   SFRSYM    DATA     BYTE      CMPCR2
      000000E6H   SFRSYM    DATA     BYTE      CMPCR1
      000000B8H   SFRSYM    DATA     BYTE      IP
      0000008FH   SFRSYM    DATA     BYTE      INTCLKO
      000000EEH   SFRSYM    DATA     BYTE      IP3H
      000000B6H   SFRSYM    DATA     BYTE      IP2H
      000000A8H   SFRSYM    DATA     BYTE      IE
      000000BBH   SFRSYM    DATA     BYTE      P_SW3
      000000BAH   SFRSYM    DATA     BYTE      P_SW2
      000000A2H   SFRSYM    DATA     BYTE      P_SW1
      000000CEH   SFRSYM    DATA     BYTE      SPCTL
      000000F8H   SFRSYM    DATA     BYTE      P7
      000000E8H   SFRSYM    DATA     BYTE      P6
      000000C8H   SFRSYM    DATA     BYTE      P5
      000000C0H   SFRSYM    DATA     BYTE      P4
      000000B0H   SFRSYM    DATA     BYTE      P3
      000000A0H   SFRSYM    DATA     BYTE      P2
      00000090H   SFRSYM    DATA     BYTE      P1
      00000080H   SFRSYM    DATA     BYTE      P0

      ---         MODULE    ---      ---       VSPRINTF
      0000008DH   PUBLIC    EDATA    ---       ?VSPRINTF?BYTE
      00FF00CEH   PUBLIC    CODE     NEAR LAB  VSPRINTF

      ---         MODULE    ---      ---       ?C?PRNFMT
      00FF0117H   PUBLIC    CODE     ---       ?C?PRNFMT

      ---         MODULE    ---      ---       ?C?FPCONVERT
      00FF0534H   PUBLIC    CODE     ---       ?C?FPCONVERT
      00FF05ECH   PUBLIC    CODE     ---       ?C?FPROUND

      ---         MODULE    ---      ---       ?C?FPMUL
      00FF062FH   PUBLIC    CODE     ---       ?C?FPMUL

      ---         MODULE    ---      ---       ?C?FPDIV
      00FF06CFH   PUBLIC    CODE     ---       ?C?FPDIV

      ---         MODULE    ---      ---       ?C?FTNPWR
      00FF0780H   PUBLIC    CODE     ---       ?C?FTNPWR

L251 LINKER/LOCATER V4.66.93.0                                                        12/29/2024  11:00:19  PAGE 21


      ---         MODULE    ---      ---       ?C?FPGETOPN
      00FF07B7H   PUBLIC    CODE     ---       ?C?FPGETOPN2
      00FF07F4H   PUBLIC    CODE     ---       ?C?FPNANRESULT
      00FF07FCH   PUBLIC    CODE     ---       ?C?FPOVERFLOW
      00FF07D0H   PUBLIC    CODE     ---       ?C?FPRESULT
      00FF07E6H   PUBLIC    CODE     ---       ?C?FPRESULT2
      00FF07F9H   PUBLIC    CODE     ---       ?C?FPUNDERFLOW

      ---         MODULE    ---      ---       ?C_START
      00FF0000H   PUBLIC    CODE     ---       ?C?STARTUP
      00FF0000H   PUBLIC    CODE     ---       ?C_STARTUP

      ---         MODULE    ---      ---       ?C?INITEDATA
      00FF126FH   PUBLIC    CODE     ---       ?C?INITEDATA

      ---         MODULE    ---      ---       ?C?LMUL
      00FF0808H   PUBLIC    CODE     ---       ?C?LMUL

      ---         MODULE    ---      ---       STRCMP?_
      00FF1810H   PUBLIC    CODE     NEAR LAB  STRCMP?_

      ---         MODULE    ---      ---       STRLEN
      00FF1B1EH   PUBLIC    CODE     ---       strlen?_

      ---         MODULE    ---      ---       memcpy
      00FF176EH   PUBLIC    CODE     ---       memcpy?_

      ---         MODULE    ---      ---       ?C?INITEDATA_END
      00FF1B6EH   PUBLIC    HCONST   WORD      ?C?INITEDATA_END

Program Size: data=8.3 edata+hdata=406 xdata=192 const=39 code=6994
L251 RUN COMPLETE.  0 WARNING(S),  0 ERROR(S)
