C251 COMPILER V5.60.0,  myCtrl                                                             05/01/25  22:07:33  PAGE 1   


C251 COMPILER V5.60.0, COMPILATION OF MODULE myCtrl
OBJECT MODULE PLACED IN .\Objects\myCtrl.obj
COMPILER INVOKED BY: C:\Software\Keilv5\Keil\Core\C251\BIN\C251.EXE Driver\myCtrl.c XSMALL BROWSE INCDIR(.\App;.\COMM;.\
                    -Driver;.\User;..\005_) DEBUG PRINT(.\Listings\myCtrl.lst) OBJECT(.\Objects\myCtrl.obj) 

stmt  level    source

    1          #include "myCtrl.h"
    2          
    3          // 定义控制数据，初始化为0x70
    4          u8 ctrl_dat = 0x70;
    5          /**
    6           * 执行门控操作
    7           * 先关闭，再打开指定的门控，然后再次关闭
    8           * @param a 门控参数
    9           */
   10          void gate(u8 a)
   11          {
   12   1          // 关闭门控
   13   1          CLOSE();
   14   1          // 打开门控a
   15   1          OPEN(a);
   16   1          // 再次关闭门控
   17   1          CLOSE();
   18   1      }
   19          /**
   20           * 打开指定的控制线
   21           * 如果指定的控制线已经打开，则不执行任何操作
   22           * @param a 控制线参数
   23           */
   24          void on(u8 a)
   25          {
   26   1          // 如果控制线a已经打开，则返回
   27   1          if((a&ctrl_dat)!=0)return;
   28   1          // 设置控制数据，打开控制线a
   29   1          ctrl_dat |= a;
   30   1          // 将控制数据写入P0端口
   31   1          P0=ctrl_dat;
   32   1          // 执行门控操作
   33   1          gate(CTRL);
   34   1      }
   35          /**
   36           * 关闭指定的控制线
   37           * 如果指定的控制线已经关闭，则不执行任何操作
   38           * @param a 控制线参数
   39           */
   40          void off(u8 a)
   41          {
   42   1          // 如果控制线a已经关闭，则返回
   43   1          if((a&ctrl_dat)==0)return;
   44   1          // 清除控制数据，关闭控制线a
   45   1          ctrl_dat &=~a;
   46   1          // 将控制数据写入P0端口
   47   1          P0=ctrl_dat;
   48   1          // 执行门控操作
   49   1          gate(CTRL);
   50   1      }


Module Information          Static   Overlayable
------------------------------------------------
  code size            =        76     ------
  ecode size           =    ------     ------
  data size            =    ------     ------
  idata size           =    ------     ------
  pdata size           =    ------     ------
C251 COMPILER V5.60.0,  myCtrl                                                             05/01/25  22:07:33  PAGE 2   

  xdata size           =    ------     ------
  xdata-const size     =    ------     ------
  edata size           =         1     ------
  bit size             =    ------     ------
  ebit size            =    ------     ------
  bitaddressable size  =    ------     ------
  ebitaddressable size =    ------     ------
  far data size        =    ------     ------
  huge data size       =    ------     ------
  const size           =    ------     ------
  hconst size          =         5     ------
End of Module Information.


C251 COMPILATION COMPLETE.  0 WARNING(S),  0 ERROR(S)
